c[?7l[2J[0mSeaBIOS (version 1.16.3-debian-1.16.3-2)


iPXE (https://ipxe.org) 00:03.0 CA00 PCI2.10 PnP PMM+7EFCADD0+7EF0ADD0 CA00
Press Ctrl-B to configure iPXE (PCI 00:03.0)...                                                                               


Booting from ROM..c[?7l[2JLinux version 6.16.0-rc3+ (alessio@frank) (gcc (Ubuntu 13.3.0-6ubuntu2~24.04) 13.3.0, GNU ld (GNU Binutils for Ubuntu) 2.42) #5 Mon Jun 23 01:04:42 CEST 2025
Command line: console=ttyS0 panic=10
x86/CPU: Model not found in latest microcode list
BIOS-provided physical RAM map:
BIOS-e820: [mem 0x0000000000000000-0x000000000009fbff] usable
BIOS-e820: [mem 0x000000000009fc00-0x000000000009ffff] reserved
BIOS-e820: [mem 0x00000000000f0000-0x00000000000fffff] reserved
BIOS-e820: [mem 0x0000000000100000-0x000000007ffdffff] usable
BIOS-e820: [mem 0x000000007ffe0000-0x000000007fffffff] reserved
BIOS-e820: [mem 0x00000000feffc000-0x00000000feffffff] reserved
BIOS-e820: [mem 0x00000000fffc0000-0x00000000ffffffff] reserved
NX (Execute Disable) protection: active
APIC: Static calls initialized
SMBIOS 3.0.0 present.
DMI: QEMU Ubuntu 24.04 PC (i440FX + PIIX, 1996), BIOS 1.16.3-debian-1.16.3-2 04/01/2014
DMI: Memory slots populated: 1/1
tsc: Fast TSC calibration using PIT
tsc: Detected 2995.135 MHz processor
last_pfn = 0x7ffe0 max_arch_pfn = 0x400000000
MTRR map: 4 entries (3 fixed + 1 variable; max 19), built from 8 variable MTRRs
x86/PAT: Configuration [0-7]: WB  WC  UC- UC  WB  WP  UC- WT  
found SMP MP-table at [mem 0x000f5480-0x000f548f]
RAMDISK: [mem 0x7fed0000-0x7ffdffff]
Intel MultiProcessor Specification v1.4
MPTABLE: OEM ID: BOCHSCPU
MPTABLE: Product ID: 0.1         
MPTABLE: APIC at: 0xFEE00000
Zone ranges:
  DMA      [mem 0x0000000000001000-0x0000000000ffffff]
  DMA32    [mem 0x0000000001000000-0x000000007ffdffff]
  Normal   empty
Movable zone start for each node
Early memory node ranges
  node   0: [mem 0x0000000000001000-0x000000000009efff]
  node   0: [mem 0x0000000000100000-0x000000007ffdffff]
Initmem setup node 0 [mem 0x0000000000001000-0x000000007ffdffff]
On node 0, zone DMA: 1 pages in unavailable ranges
On node 0, zone DMA: 97 pages in unavailable ranges
On node 0, zone DMA32: 32 pages in unavailable ranges
Intel MultiProcessor Specification v1.4
MPTABLE: OEM ID: BOCHSCPU
MPTABLE: Product ID: 0.1         
MPTABLE: APIC at: 0xFEE00000
Processor #0 (Bootup-CPU)
IOAPIC[0]: apic_id 0, version 17, address 0xfec00000, GSI 0-23
Processors: 1
CPU topo: Max. logical packages:   1
CPU topo: Max. logical dies:       1
CPU topo: Max. dies per package:   1
CPU topo: Max. threads per core:   1
CPU topo: Num. cores per package:     1
CPU topo: Num. threads per package:   1
CPU topo: Allowing 1 present CPUs plus 0 hotplug CPUs
[mem 0x80000000-0xfeffbfff] available for PCI devices
clocksource: refined-jiffies: mask: 0xffffffff max_cycles: 0xffffffff, max_idle_ns: 7645519600211568 ns
Kernel command line: console=ttyS0 panic=10
printk: log buffer data + meta data: 131072 + 458752 = 589824 bytes
Dentry cache hash table entries: 262144 (order: 9, 2097152 bytes, linear)
Inode-cache hash table entries: 131072 (order: 8, 1048576 bytes, linear)
Built 1 zonelists, mobility grouping on.  Total pages: 524158
mem auto-init: stack:all(zero), heap alloc:off, heap free:off
SLUB: HWalign=64, Order=0-3, MinObjects=0, CPUs=1, Nodes=1
NR_IRQS: 4352, nr_irqs: 48, preallocated irqs: 16
Console: colour VGA+ 80x25
printk: legacy console [ttyS0] enabled
APIC: Switch to symmetric I/O mode setup
..TIMER: vector=0x30 apic1=0 pin1=2 apic2=-1 pin2=-1
clocksource: tsc-early: mask: 0xffffffffffffffff max_cycles: 0x2b2c51cdd4e, max_idle_ns: 440795327983 ns
Calibrating delay loop (skipped), value calculated using timer frequency.. 5990.27 BogoMIPS (lpj=11980540)
Last level iTLB entries: 4KB 0, 2MB 0, 4MB 0
Last level dTLB entries: 4KB 0, 2MB 0, 4MB 0, 1GB 0
CPU: Intel QEMU Virtual CPU version 2.5+ (family: 0xf, model: 0x6b, stepping: 0x1)
Speculative Store Bypass: Vulnerable
x86/fpu: x87 FPU will use FXSAVE
pid_max: default: 32768 minimum: 301
Mount-cache hash table entries: 4096 (order: 3, 32768 bytes, linear)
Mountpoint-cache hash table entries: 4096 (order: 3, 32768 bytes, linear)
Performance Events: unsupported Netburst CPU model 107 no PMU driver, software events only.
signal: max sigframe size: 1040
Memory: 2046280K/2096632K available (4741K kernel code, 776K rwdata, 668K rodata, 680K init, 552K bss, 47948K reserved, 0K cma-reserved)
devtmpfs: initialized
clocksource: jiffies: mask: 0xffffffff max_cycles: 0xffffffff, max_idle_ns: 7645041785100000 ns
posixtimers hash table entries: 512 (order: 0, 4096 bytes, linear)
futex hash table entries: 256 (8192 bytes on 1 NUMA nodes, total 8 KiB, linear).
SCSI subsystem initialized
clocksource: Switched to clocksource tsc-early
platform rtc_cmos: registered platform RTC device (no PNP device found)
Unpacking initramfs...
Freeing initrd memory: 1088K
workingset: timestamp_bits=62 max_order=19 bucket_order=0
Block layer SCSI generic (bsg) driver version 0.4 loaded (major 254)
Serial: 8250/16550 driver, 4 ports, IRQ sharing disabled
serial8250: ttyS0 at I/O 0x3f8 (irq = 4, base_baud = 115200) is a 16550A
sched_clock: Marking stable (257990575, 19764355)->(280110600, -2355670)
Freeing unused kernel image (initmem) memory: 680K
Write protecting the kernel read-only data: 8192k
Freeing unused kernel image (text/rodata gap) memory: 1400K
Freeing unused kernel image (rodata/data gap) memory: 1380K
Run /init as init process
Failed to execute /init (error -8)
Run /sbin/init as init process
Run /etc/init as init process
Run /bin/init as init process
Run /bin/sh as init process
Starting init: /bin/sh exists but couldn't execute it (error -8)
Kernel panic - not syncing: No working init found.  Try passing init= option to kernel. See Linux Documentation/admin-guide/init.rst for guidance.
CPU: 0 UID: 0 PID: 1 Comm: swapper Not tainted 6.16.0-rc3+ #5 NONE 
Hardware name: QEMU Ubuntu 24.04 PC (i440FX + PIIX, 1996), BIOS 1.16.3-debian-1.16.3-2 04/01/2014
Call Trace:
 <TASK>
 dump_stack_lvl+0x2b/0x60
 dump_stack+0x14/0x20
 panic+0x2dc/0x2f0
 ? rest_init+0x80/0x80
 kernel_init+0x147/0x190
 ret_from_fork+0x63/0xb0
 ? rest_init+0x80/0x80
 ret_from_fork_asm+0x11/0x20
 </TASK>
Kernel Offset: 0x1ae00000 from 0xffffffff81000000 (relocation range: 0xffffffff80000000-0xffffffffbfffffff)
Rebooting in 10 seconds..
